[2026-05-19 13:08:09] Started fundraise-ph (PID 929850)
[2026-05-19 13:09:44] Started fundraise-ph (PID 931637)
[2026-05-19 13:11:20] Started fundraise-ph (PID 935834)
[2026-05-19 13:12:55] Started fundraise-ph (PID 937568)
[2026-05-19 13:14:30] Started fundraise-ph (PID 939328)
[2026-05-19 13:16:06] Started fundraise-ph (PID 943525)
[2026-05-19 13:17:41] Started fundraise-ph (PID 945241)
[2026-05-19 13:19:16] Started fundraise-ph (PID 946965)
[2026-05-19 13:20:52] Started fundraise-ph (PID 951129)
[2026-05-19 13:22:27] Started fundraise-ph (PID 952862)
[2026-05-19 13:24:03] Started fundraise-ph (PID 954597)
[2026-05-19 13:25:38] Started fundraise-ph (PID 958755)
[2026-05-19 13:27:14] Started fundraise-ph (PID 960505)
[2026-05-19 13:28:49] Started fundraise-ph (PID 962223)
[2026-05-19 13:30:25] Started fundraise-ph (PID 966421)
[2026-05-19 13:32:00] Started fundraise-ph (PID 968116)
[2026-05-19 13:33:36] Started fundraise-ph (PID 969869)
[2026-05-19 13:35:11] Started fundraise-ph (PID 972654)
[2026-05-19 13:36:47] Started fundraise-ph (PID 975765)
[2026-05-19 13:38:22] Started fundraise-ph (PID 977492)
[2026-05-19 13:39:58] Started fundraise-ph (PID 979215)
[2026-05-19 13:41:33] Started fundraise-ph (PID 983351)
[2026-05-19 13:43:09] Started fundraise-ph (PID 985104)
[2026-05-19 13:44:44] Started fundraise-ph (PID 987872)
[2026-05-19 13:46:20] Started fundraise-ph (PID 993287)
[2026-05-19 13:47:55] Started fundraise-ph (PID 995177)
[2026-05-19 13:49:31] Started fundraise-ph (PID 997116)
[2026-05-19 13:51:06] Started fundraise-ph (PID 1001478)
[2026-05-19 13:52:42] Started fundraise-ph (PID 1003377)
[2026-05-19 13:54:17] Started fundraise-ph (PID 1005296)
[2026-05-19 13:55:53] Started fundraise-ph (PID 1009693)
[2026-05-19 13:57:28] Started fundraise-ph (PID 1011598)
[2026-05-19 13:59:03] Started fundraise-ph (PID 1014147)
[2026-05-19 14:00:39] Started fundraise-ph (PID 1022184)
[2026-05-19 14:02:22] Started fundraise-ph (PID 1026611)
[2026-05-19 14:02:42] Stopping fundraise-ph (PID 1026611)
[2026-05-19 14:02:43] Stopped fundraise-ph
[2026-05-19 14:03:03] Started fundraise-ph (PID 1027987)
[2026-05-19 14:03:30] Stopping fundraise-ph (PID 1027987)
[2026-05-19 14:03:32] Stopped fundraise-ph
[2026-05-19 14:03:37] Started fundraise-ph (PID 1028775)
[2026-05-19 14:04:03] Stopping fundraise-ph (PID 1028775)
[2026-05-19 14:04:04] Stopped fundraise-ph
[2026-05-19 14:04:09] Started fundraise-ph (PID 1029531)
[2026-05-19 14:04:47] Stopping fundraise-ph (PID 1029531)
[2026-05-19 14:04:48] Stopped fundraise-ph
[2026-05-19 14:04:54] Started fundraise-ph (PID 1031042)
[2026-05-19 14:05:32] Stopping fundraise-ph (PID 1031042)
[2026-05-19 14:05:33] Stopped fundraise-ph
[2026-05-19 14:05:34] Building fundraise-ph
▲ Next.js 16.1.3 (Turbopack)
- Environments: .env

  Creating an optimized production build ...
✓ Compiled successfully in 6.3s
  Skipping validation of types
  Collecting page data using 19 workers ...
  Generating static pages using 19 workers (0/11) ...
  Generating static pages using 19 workers (2/11) 
  Generating static pages using 19 workers (5/11) 
  Generating static pages using 19 workers (8/11) 
✓ Generating static pages using 19 workers (11/11) in 494.1ms
  Finalizing page optimization ...

Route (app)
┌ ○ /
├ ○ /_not-found
├ ƒ /api
├ ƒ /api/admin
├ ƒ /api/admin/session
├ ƒ /api/admin/users
├ ƒ /api/admin/users/[id]
├ ƒ /api/blog-posts
├ ƒ /api/blog-posts/[id]
├ ƒ /api/notifications
├ ƒ /api/partners
├ ƒ /api/partners/[id]
└ ƒ /api/settings


○  (Static)   prerendered as static content
ƒ  (Dynamic)  server-rendered on demand

[2026-05-19 14:05:46] Build completed
[2026-05-19 14:05:49] Started fundraise-ph (PID 1036747)
[2026-05-19 14:05:54] Stopping fundraise-ph (PID 1036747)
[2026-05-19 14:05:55] Stopped fundraise-ph
[2026-05-19 14:06:00] Started fundraise-ph (PID 1037105)
[2026-05-19 20:04:33] Stopping fundraise-ph (PID 1037105)
[2026-05-19 20:04:34] Stopped fundraise-ph
[2026-05-19 20:04:35] Building fundraise-ph
▲ Next.js 16.1.3 (Turbopack)
- Environments: .env

  Creating an optimized production build ...
✓ Compiled successfully in 6.2s
  Skipping validation of types
  Collecting page data using 19 workers ...
  Generating static pages using 19 workers (0/11) ...
  Generating static pages using 19 workers (2/11) 
  Generating static pages using 19 workers (5/11) 
  Generating static pages using 19 workers (8/11) 
✓ Generating static pages using 19 workers (11/11) in 528.2ms
  Finalizing page optimization ...

Route (app)
┌ ○ /
├ ○ /_not-found
├ ƒ /api
├ ƒ /api/admin
├ ƒ /api/admin/session
├ ƒ /api/admin/users
├ ƒ /api/admin/users/[id]
├ ƒ /api/blog-posts
├ ƒ /api/blog-posts/[id]
├ ƒ /api/notifications
├ ƒ /api/partners
├ ƒ /api/partners/[id]
└ ƒ /api/settings


○  (Static)   prerendered as static content
ƒ  (Dynamic)  server-rendered on demand

[2026-05-19 20:04:46] Build completed
[2026-05-19 20:04:49] Started fundraise-ph (PID 1672985)
[2026-05-19 20:09:33] Stopping fundraise-ph (PID 1672985)
[2026-05-19 20:09:34] Stopped fundraise-ph
[2026-05-19 20:09:40] Started fundraise-ph (PID 1682200)
[2026-05-20 16:26:10] Stopping fundraise-ph (PID 1682200)
[2026-05-20 16:26:11] Stopped fundraise-ph
[2026-05-20 16:26:16] Started fundraise-ph (PID 3741744)
[2026-06-04 02:18:32] Stopping fundraise-ph (PID 3741744)
[2026-06-04 02:18:33] Stopped fundraise-ph
[2026-06-04 02:18:39] Started fundraise-ph (PID 2988317)
[2026-06-07 14:26:19] Started fundraise-ph (PID 1435)
[2026-06-10 02:24:41] Building fundraise-ph
▲ Next.js 16.1.3 (Turbopack)
- Environments: .env

  Creating an optimized production build ...
✓ Compiled successfully in 6.8s
  Skipping validation of types
  Collecting page data using 19 workers ...
  Generating static pages using 19 workers (0/47) ...
Error occurred prerendering page "/business-fundraising". Read more: https://nextjs.org/docs/messages/prerender-error
TypeError: Cannot read properties of undefined (reading 'icon')
    at p (.next/server/chunks/ssr/_56afe2ef._.js:1:3640)
    at stringify (<anonymous>) {
  digest: '3512654134'
}
Export encountered an error on /business-fundraising/page: /business-fundraising, exiting the build.
⨯ Next.js build worker exited with code: 1 and signal: null
[2026-06-10 02:24:52] Build failed
[2026-06-10 02:25:54] Building fundraise-ph
▲ Next.js 16.1.3 (Turbopack)
- Environments: .env

  Creating an optimized production build ...
✓ Compiled successfully in 6.6s
  Skipping validation of types
  Collecting page data using 19 workers ...
  Generating static pages using 19 workers (0/47) ...
  Generating static pages using 19 workers (11/47) 
  Generating static pages using 19 workers (23/47) 
  Generating static pages using 19 workers (35/47) 
✓ Generating static pages using 19 workers (47/47) in 826.1ms
  Finalizing page optimization ...

Route (app)
┌ ○ /
├ ○ /_not-found
├ ƒ /api
├ ƒ /api/admin
├ ƒ /api/admin/session
├ ƒ /api/admin/users
├ ƒ /api/admin/users/[id]
├ ƒ /api/blog-posts
├ ƒ /api/blog-posts/[id]
├ ƒ /api/notifications
├ ƒ /api/partners
├ ƒ /api/partners/[id]
├ ƒ /api/settings
├ ○ /business-fundraising
├ ○ /church-fundraising
├ ○ /community-fundraising
├ ○ /compare/best-platforms
├ ○ /compare/facebook
├ ○ /compare/giveasia
├ ○ /compare/gofundme
├ ○ /disaster-relief-fundraising
├ ○ /education-fundraising
├ ○ /fundraising-guide
├ ○ /local/cebu
├ ○ /local/davao
├ ○ /local/manila
├ ○ /local/metro-manila-schools
├ ○ /local/philippines-church
├ ○ /local/philippines-community
├ ○ /local/quezon-city
├ ○ /medical-fundraising
├ ○ /samples/community-pantry
├ ○ /samples/disaster-relief
├ ○ /samples/medical
├ ○ /samples/product-fundraiser
├ ○ /samples/school
├ ○ /school-fundraising
├ ○ /templates/beneficiary-checklist
├ ○ /templates/campaign-budget
├ ○ /templates/campaign-description
├ ○ /templates/campaign-update
├ ○ /templates/church-letter
├ ○ /templates/donation-acknowledgment
├ ○ /templates/donor-thank-you
├ ○ /templates/medical-letter
├ ○ /templates/payout-checklist
├ ○ /templates/product-order-form
├ ○ /templates/school-letter
└ ○ /templates/sponsorship-request


○  (Static)   prerendered as static content
ƒ  (Dynamic)  server-rendered on demand

[2026-06-10 02:26:06] Build completed
[2026-06-10 02:26:09] Started fundraise-ph (PID 2770032)
[2026-06-10 12:00:07] Stopping fundraise-ph (PID 2770032)
[2026-06-10 12:00:08] Stopped fundraise-ph
[2026-06-10 12:00:14] Started fundraise-ph (PID 3685775)
[2026-06-10 20:43:34] Stopping fundraise-ph (PID 3685775)
[2026-06-10 20:43:35] Stopped fundraise-ph
[2026-06-10 20:43:44] Started fundraise-ph (PID 658005)
[2026-06-12 19:15:52] Stopping fundraise-ph (PID 658005)
[2026-06-12 19:15:53] Stopped fundraise-ph
[2026-06-12 19:16:24] Building fundraise-ph
▲ Next.js 16.1.3 (Turbopack)
- Environments: .env

  Creating an optimized production build ...
✓ Compiled successfully in 6.8s
  Skipping validation of types
  Collecting page data using 19 workers ...
  Generating static pages using 19 workers (0/49) ...
  Generating static pages using 19 workers (12/49) 
  Generating static pages using 19 workers (24/49) 
  Generating static pages using 19 workers (36/49) 
✓ Generating static pages using 19 workers (49/49) in 800.7ms
  Finalizing page optimization ...

Route (app)
┌ ○ /
├ ○ /_not-found
├ ƒ /api
├ ƒ /api/admin
├ ƒ /api/admin/badges
├ ƒ /api/admin/badges/[id]
├ ƒ /api/admin/session
├ ƒ /api/admin/users
├ ƒ /api/admin/users/[id]
├ ƒ /api/admin/verification
├ ƒ /api/blog-posts
├ ƒ /api/blog-posts/[id]
├ ƒ /api/notifications
├ ƒ /api/partners
├ ƒ /api/partners/[id]
├ ƒ /api/settings
├ ○ /business-fundraising
├ ○ /church-fundraising
├ ○ /community-fundraising
├ ○ /compare/best-platforms
├ ○ /compare/facebook
├ ○ /compare/giveasia
├ ○ /compare/gofundme
├ ○ /disaster-relief-fundraising
├ ○ /education-fundraising
├ ○ /fundraising-guide
├ ○ /local/cebu
├ ○ /local/davao
├ ○ /local/manila
├ ○ /local/metro-manila-schools
├ ○ /local/philippines-church
├ ○ /local/philippines-community
├ ○ /local/quezon-city
├ ○ /medical-fundraising
├ ○ /samples/community-pantry
├ ○ /samples/disaster-relief
├ ○ /samples/medical
├ ○ /samples/product-fundraiser
├ ○ /samples/school
├ ○ /school-fundraising
├ ○ /templates/beneficiary-checklist
├ ○ /templates/campaign-budget
├ ○ /templates/campaign-description
├ ○ /templates/campaign-update
├ ○ /templates/church-letter
├ ○ /templates/donation-acknowledgment
├ ○ /templates/donor-thank-you
├ ○ /templates/medical-letter
├ ○ /templates/payout-checklist
├ ○ /templates/product-order-form
├ ○ /templates/school-letter
└ ○ /templates/sponsorship-request


○  (Static)   prerendered as static content
ƒ  (Dynamic)  server-rendered on demand

[2026-06-12 19:16:36] Build completed
[2026-06-12 19:16:39] Started fundraise-ph (PID 2071473)
[2026-06-12 19:22:21] Stopped fundraise-ph
[2026-06-12 19:23:10] Started fundraise-ph (PID 2082673)
[2026-06-12 19:24:24] Started fundraise-ph (PID 2083887)
